Archive member included to satisfy reference by file (symbol)

/home/ganibllo/STM_/st/plugins/com.st.stm32cube.ide.mcu.externaltools.gnu-tools-for-stm32.10.3-2021.10.linux64_1.0.200.202301161003/tools/bin/../lib/gcc/arm-none-eabi/10.3.1/../../../../arm-none-eabi/lib/thumb/v7e-m+fp/hard/libc_nano.a(lib_a-assert.o)
                              ./ModbusRTU485/functions/mbutils.o (__assert_func)
/home/ganibllo/STM_/st/plugins/com.st.stm32cube.ide.mcu.externaltools.gnu-tools-for-stm32.10.3-2021.10.linux64_1.0.200.202301161003/tools/bin/../lib/gcc/arm-none-eabi/10.3.1/../../../../arm-none-eabi/lib/thumb/v7e-m+fp/hard/libc_nano.a(lib_a-exit.o)
                              /home/ganibllo/STM_/st/plugins/com.st.stm32cube.ide.mcu.externaltools.gnu-tools-for-stm32.10.3-2021.10.linux64_1.0.200.202301161003/tools/bin/../lib/gcc/arm-none-eabi/10.3.1/../../../../arm-none-eabi/lib/thumb/v7e-m+fp/hard/crt0.o (exit)
/home/ganibllo/STM_/st/plugins/com.st.stm32cube.ide.mcu.externaltools.gnu-tools-for-stm32.10.3-2021.10.linux64_1.0.200.202301161003/tools/bin/../lib/gcc/arm-none-eabi/10.3.1/../../../../arm-none-eabi/lib/thumb/v7e-m+fp/hard/libc_nano.a(lib_a-fprintf.o)
                              /home/ganibllo/STM_/st/plugins/com.st.stm32cube.ide.mcu.externaltools.gnu-tools-for-stm32.10.3-2021.10.linux64_1.0.200.202301161003/tools/bin/../lib/gcc/arm-none-eabi/10.3.1/../../../../arm-none-eabi/lib/thumb/v7e-m+fp/hard/libc_nano.a(lib_a-assert.o) (fiprintf)
/home/ganibllo/STM_/st/plugins/com.st.stm32cube.ide.mcu.externaltools.gnu-tools-for-stm32.10.3-2021.10.linux64_1.0.200.202301161003/tools/bin/../lib/gcc/arm-none-eabi/10.3.1/../../../../arm-none-eabi/lib/thumb/v7e-m+fp/hard/libc_nano.a(lib_a-impure.o)
                              /home/ganibllo/STM_/st/plugins/com.st.stm32cube.ide.mcu.externaltools.gnu-tools-for-stm32.10.3-2021.10.linux64_1.0.200.202301161003/tools/bin/../lib/gcc/arm-none-eabi/10.3.1/../../../../arm-none-eabi/lib/thumb/v7e-m+fp/hard/libc_nano.a(lib_a-exit.o) (_global_impure_ptr)
/home/ganibllo/STM_/st/plugins/com.st.stm32cube.ide.mcu.externaltools.gnu-tools-for-stm32.10.3-2021.10.linux64_1.0.200.202301161003/tools/bin/../lib/gcc/arm-none-eabi/10.3.1/../../../../arm-none-eabi/lib/thumb/v7e-m+fp/hard/libc_nano.a(lib_a-init.o)
                              /home/ganibllo/STM_/st/plugins/com.st.stm32cube.ide.mcu.externaltools.gnu-tools-for-stm32.10.3-2021.10.linux64_1.0.200.202301161003/tools/bin/../lib/gcc/arm-none-eabi/10.3.1/../../../../arm-none-eabi/lib/thumb/v7e-m+fp/hard/crt0.o (__libc_init_array)
/home/ganibllo/STM_/st/plugins/com.st.stm32cube.ide.mcu.externaltools.gnu-tools-for-stm32.10.3-2021.10.linux64_1.0.200.202301161003/tools/bin/../lib/gcc/arm-none-eabi/10.3.1/../../../../arm-none-eabi/lib/thumb/v7e-m+fp/hard/libc_nano.a(lib_a-memcpy-stub.o)
                              ./FreeRTOS/Kernel/queue.o (memcpy)
/home/ganibllo/STM_/st/plugins/com.st.stm32cube.ide.mcu.externaltools.gnu-tools-for-stm32.10.3-2021.10.linux64_1.0.200.202301161003/tools/bin/../lib/gcc/arm-none-eabi/10.3.1/../../../../arm-none-eabi/lib/thumb/v7e-m+fp/hard/libc_nano.a(lib_a-memset.o)
                              /home/ganibllo/STM_/st/plugins/com.st.stm32cube.ide.mcu.externaltools.gnu-tools-for-stm32.10.3-2021.10.linux64_1.0.200.202301161003/tools/bin/../lib/gcc/arm-none-eabi/10.3.1/../../../../arm-none-eabi/lib/thumb/v7e-m+fp/hard/crt0.o (memset)
/home/ganibllo/STM_/st/plugins/com.st.stm32cube.ide.mcu.externaltools.gnu-tools-for-stm32.10.3-2021.10.linux64_1.0.200.202301161003/tools/bin/../lib/gcc/arm-none-eabi/10.3.1/../../../../arm-none-eabi/lib/thumb/v7e-m+fp/hard/libc_nano.a(lib_a-nano-vfprintf.o)
                              /home/ganibllo/STM_/st/plugins/com.st.stm32cube.ide.mcu.externaltools.gnu-tools-for-stm32.10.3-2021.10.linux64_1.0.200.202301161003/tools/bin/../lib/gcc/arm-none-eabi/10.3.1/../../../../arm-none-eabi/lib/thumb/v7e-m+fp/hard/libc_nano.a(lib_a-fprintf.o) (_vfprintf_r)
/home/ganibllo/STM_/st/plugins/com.st.stm32cube.ide.mcu.externaltools.gnu-tools-for-stm32.10.3-2021.10.linux64_1.0.200.202301161003/tools/bin/../lib/gcc/arm-none-eabi/10.3.1/../../../../arm-none-eabi/lib/thumb/v7e-m+fp/hard/libc_nano.a(lib_a-nano-vfprintf_i.o)
                              /home/ganibllo/STM_/st/plugins/com.st.stm32cube.ide.mcu.externaltools.gnu-tools-for-stm32.10.3-2021.10.linux64_1.0.200.202301161003/tools/bin/../lib/gcc/arm-none-eabi/10.3.1/../../../../arm-none-eabi/lib/thumb/v7e-m+fp/hard/libc_nano.a(lib_a-nano-vfprintf.o) (_printf_i)
/home/ganibllo/STM_/st/plugins/com.st.stm32cube.ide.mcu.externaltools.gnu-tools-for-stm32.10.3-2021.10.linux64_1.0.200.202301161003/tools/bin/../lib/gcc/arm-none-eabi/10.3.1/../../../../arm-none-eabi/lib/thumb/v7e-m+fp/hard/libc_nano.a(lib_a-printf.o)
                              ./Applications/W5500_Spi/src/loopback.o (printf)
[...]
Memory Configuration

Name             Origin             Length             Attributes
CCMRAM           0x0000000010000000 0x0000000000010000 xrw
RAM              0x0000000020000000 0x0000000000020000 xrw
FLASH            0x0000000008000000 0x0000000000080000 xr
*default*        0x0000000000000000 0xffffffffffffffff

Linker script and memory map

LOAD /home/ganibllo/STM_/st/plugins/com.st.stm32cube.ide.mcu.externaltools.gnu-tools-for-stm32.10.3-2021.10.linux64_1.0.200.202301161003/tools/bin/../lib/gcc/arm-none-eabi/10.3.1/thumb/v7e-m+fp/hard/crti.o
LOAD /home/ganibllo/STM_/st/plugins/com.st.stm32cube.ide.mcu.externaltools.gnu-tools-for-stm32.10.3-2021.10.linux64_1.0.200.202301161003/tools/bin/../lib/gcc/arm-none-eabi/10.3.1/thumb/v7e-m+fp/hard/crtbegin.o
LOAD /home/ganibllo/STM_/st/plugins/com.st.stm32cube.ide.mcu.externaltools.gnu-tools-for-stm32.10.3-2021.10.linux64_1.0.200.202301161003/tools/bin/../lib/gcc/arm-none-eabi/10.3.1/../../../../arm-none-eabi/lib/thumb/v7e-m+fp/hard/crt0.o
LOAD ./Applications/W5500_Spi/src/dhcp.o
LOAD ./Applications/W5500_Spi/src/loopback.o
LOAD ./Applications/W5500_Spi/src/socket.o
LOAD ./Applications/W5500_Spi/src/w5500.o
LOAD ./Applications/W5500_Spi/src/w5500_host_config.o
LOAD ./Applications/W5500_Spi/src/w5500_phy.o
LOAD ./Applications/W5500_Spi/src/wizchip_conf.o
LOAD ./Applications/dp83848/src/dp83848.o
LOAD ./CMSIS/src/system_stm32f4xx.o
LOAD ./Core/src/ETH.o
LOAD ./Core/src/SPI_W5500.o
LOAD ./Core/src/bootloader.o
LOAD ./Core/src/main.o
LOAD ./Core/src/rcc.o
LOAD ./Core/src/rtc.o
LOAD ./Core/src/usart_dbg.o
LOAD ./FreeRTOS/Kernel/croutine.o
LOAD ./FreeRTOS/Kernel/event_groups.o
LOAD ./FreeRTOS/Kernel/list.o
LOAD ./FreeRTOS/Kernel/queue.o
LOAD ./FreeRTOS/Kernel/stream_buffer.o
LOAD ./FreeRTOS/Kernel/tasks.o
LOAD ./FreeRTOS/Kernel/timers.o
LOAD ./FreeRTOS/Kernel/portable/GCC/ARM_CM4F/port.o
LOAD ./FreeRTOS/Kernel/portable/MemMang/heap_4.o
LOAD ./ModbusRTU485/ascii/mbascii.o
LOAD ./ModbusRTU485/functions/mbfunccoils.o
LOAD ./ModbusRTU485/functions/mbfuncdiag.o
LOAD ./ModbusRTU485/functions/mbfuncdisc.o
LOAD ./ModbusRTU485/functions/mbfuncholding.o
LOAD ./ModbusRTU485/functions/mbfuncinput.o
LOAD ./ModbusRTU485/functions/mbfuncother.o
LOAD ./ModbusRTU485/functions/mbutils.o
LOAD ./ModbusRTU485/mb.o
LOAD ./ModbusRTU485/port/mt_port.o
LOAD ./ModbusRTU485/port/portevent.o
LOAD ./ModbusRTU485/port/portserial.o
LOAD ./ModbusRTU485/port/porttimer.o
LOAD ./ModbusRTU485/rtu/mbcrc.o
LOAD ./ModbusRTU485/rtu/mbrtu.o
LOAD ./ModbusRTU485/tcp/mbtcp.o
LOAD ./Startup/startup_stm32f407vetx.o
START GROUP
LOAD /home/ganibllo/STM_/st/plugins/com.st.stm32cube.ide.mcu.externaltools.gnu-tools-for-stm32.10.3-2021.10.linux64_1.0.200.202301161003/tools/bin/../lib/gcc/arm-none-eabi/10.3.1/../../../../arm-none-eabi/lib/thumb/v7e-m+fp/hard/libc_nano.a
LOAD /home/ganibllo/STM_/st/plugins/com.st.stm32cube.ide.mcu.externaltools.gnu-tools-for-stm32.10.3-2021.10.linux64_1.0.200.202301161003/tools/bin/../lib/gcc/arm-none-eabi/10.3.1/../../../../arm-none-eabi/lib/thumb/v7e-m+fp/hard/libm.a
END GROUP
START GROUP
LOAD /home/ganibllo/STM_/st/plugins/com.st.stm32cube.ide.mcu.externaltools.gnu-tools-for-stm32.10.3-2021.10.linux64_1.0.200.202301161003/tools/bin/../lib/gcc/arm-none-eabi/10.3.1/thumb/v7e-m+fp/hard/libgcc.a
LOAD /home/ganibllo/STM_/st/plugins/com.st.stm32cube.ide.mcu.externaltools.gnu-tools-for-stm32.10.3-2021.10.linux64_1.0.200.202301161003/tools/bin/../lib/gcc/arm-none-eabi/10.3.1/../../../../arm-none-eabi/lib/thumb/v7e-m+fp/hard/libc_nano.a
END GROUP
START GROUP
LOAD /home/ganibllo/STM_/st/plugins/com.st.stm32cube.ide.mcu.externaltools.gnu-tools-for-stm32.10.3-2021.10.linux64_1.0.200.202301161003/tools/bin/../lib/gcc/arm-none-eabi/10.3.1/thumb/v7e-m+fp/hard/libgcc.a
LOAD /home/ganibllo/STM_/st/plugins/com.st.stm32cube.ide.mcu.externaltools.gnu-tools-for-stm32.10.3-2021.10.linux64_1.0.200.202301161003/tools/bin/../lib/gcc/arm-none-eabi/10.3.1/../../../../arm-none-eabi/lib/thumb/v7e-m+fp/hard/libc_nano.a
LOAD /home/ganibllo/STM_/st/plugins/com.st.stm32cube.ide.mcu.externaltools.gnu-tools-for-stm32.10.3-2021.10.linux64_1.0.200.202301161003/tools/bin/../lib/gcc/arm-none-eabi/10.3.1/../../../../arm-none-eabi/lib/thumb/v7e-m+fp/hard/libnosys.a
END GROUP
START GROUP
LOAD /home/ganibllo/STM_/st/plugins/com.st.stm32cube.ide.mcu.externaltools.gnu-tools-for-stm32.10.3-2021.10.linux64_1.0.200.202301161003/tools/bin/../lib/gcc/arm-none-eabi/10.3.1/thumb/v7e-m+fp/hard/libgcc.a
LOAD /home/ganibllo/STM_/st/plugins/com.st.stm32cube.ide.mcu.externaltools.gnu-tools-for-stm32.10.3-2021.10.linux64_1.0.200.202301161003/tools/bin/../lib/gcc/arm-none-eabi/10.3.1/../../../../arm-none-eabi/lib/thumb/v7e-m+fp/hard/libc_nano.a
LOAD /home/ganibllo/STM_/st/plugins/com.st.stm32cube.ide.mcu.externaltools.gnu-tools-for-stm32.10.3-2021.10.linux64_1.0.200.202301161003/tools/bin/../lib/gcc/arm-none-eabi/10.3.1/../../../../arm-none-eabi/lib/thumb/v7e-m+fp/hard/libnosys.a
END GROUP
LOAD /home/ganibllo/STM_/st/plugins/com.st.stm32cube.ide.mcu.externaltools.gnu-tools-for-stm32.10.3-2021.10.linux64_1.0.200.202301161003/tools/bin/../lib/gcc/arm-none-eabi/10.3.1/thumb/v7e-m+fp/hard/crtend.o
LOAD /home/ganibllo/STM_/st/plugins/com.st.stm32cube.ide.mcu.externaltools.gnu-tools-for-stm32.10.3-2021.10.linux64_1.0.200.202301161003/tools/bin/../lib/gcc/arm-none-eabi/10.3.1/thumb/v7e-m+fp/hard/crtn.o
                0x0000000020020000                _estack = (ORIGIN (RAM) + LENGTH (RAM))
                0x0000000000000200                _Min_Heap_Size = 0x200
                0x0000000000000400                _Min_Stack_Size = 0x400

.isr_vector     0x0000000008000000      0x1a8
                0x0000000008000000                . = ALIGN (0x4)
 *(.isr_vector)
 .isr_vector    0x0000000008000000      0x1a8 ./Startup/startup_stm32f407vetx.o
                0x0000000008000000                g_pfnVectors
                0x00000000080001a8                . = ALIGN (0x4)

.text           0x00000000080001b0      0xf98
                0x00000000080001b0                . = ALIGN (0x4)
 *(.text)
 .text          0x00000000080001b0       0x40 /home/ganibllo/STM_/st/plugins/com.st.stm32cube.ide.mcu.externaltools.gnu-tools-for-stm32.10.3-2021.10.linux64_1.0.200.202301161003/tools/bin/../lib/gcc/arm-none-eabi/10.3.1/thumb/v7e-m+fp/hard/crtbegin.o
 *(.text*)
 .text.SystemInit
                0x00000000080001f0       0x24 ./CMSIS/src/system_stm32f4xx.o
                0x00000000080001f0                SystemInit
 .text.SystemCoreClockUpdate
                0x0000000008000214      0x100 ./CMSIS/src/system_stm32f4xx.o
                0x0000000008000214                SystemCoreClockUpdate
 .text.__NVIC_EnableIRQ
                0x0000000008000314       0x3c ./Core/src/main.o
 .text.__NVIC_ClearPendingIRQ
                0x0000000008000350       0x3c ./Core/src/main.o
 .text.GPIO_RCC_init
                0x000000000800038c       0x44 ./Core/src/main.o
                0x000000000800038c                GPIO_RCC_init
 .text.TIM6_DAC_IRQHandler
                0x00000000080003d0      0x14c ./Core/src/main.o
                0x00000000080003d0                TIM6_DAC_IRQHandler
 .text.timer_init
                0x000000000800051c       0x54 ./Core/src/main.o
                0x000000000800051c                timer_init
 .text.GPIOe_inp_init
                0x0000000008000570       0x38 ./Core/src/main.o
                0x0000000008000570                GPIOe_inp_init
 .text.EXTI15_10_IRQHandler
                0x00000000080005a8      0x118 ./Core/src/main.o
                0x00000000080005a8                EXTI15_10_IRQHandler
 .text.IRQ_enable
                0x00000000080006c0       0xbc ./Core/src/main.o
                0x00000000080006c0                IRQ_enable
 .text.enter_lpm
                0x000000000800077c       0x16 ./Core/src/main.o
                0x000000000800077c                enter_lpm
 .text.exit_lpm
                0x0000000008000792        0xe ./Core/src/main.o
                0x0000000008000792                exit_lpm
 .text.main     0x00000000080007a0       0x94 ./Core/src/main.o
                0x00000000080007a0                main
 .text.system_clock_168m_25m_hse
                0x0000000008000834      0x10c ./Core/src/rcc.o
                0x0000000008000834                system_clock_168m_25m_hse
 .text.RTC_init
                0x0000000008000940       0xb0 ./Core/src/rtc.o
                0x0000000008000940                RTC_init
 .text.RTC_update
                0x00000000080009f0      0x1ec ./Core/src/rtc.o
                0x00000000080009f0                RTC_update
 .text.xTaskIncrementTick
                0x0000000008000bdc      0x1e8 ./FreeRTOS/Kernel/tasks.o
                0x0000000008000bdc                xTaskIncrementTick
 .text.vTaskSwitchContext
                0x0000000008000dc4       0xb8 ./FreeRTOS/Kernel/tasks.o
                0x0000000008000dc4                vTaskSwitchContext
 .text.prvResetNextTaskUnblockTime
                0x0000000008000e7c       0x38 ./FreeRTOS/Kernel/tasks.o
 *fill*         0x0000000008000eb4        0xc 
 .text.SVC_Handler
                0x0000000008000ec0       0x28 ./FreeRTOS/Kernel/portable/GCC/ARM_CM4F/port.o
                0x0000000008000ec0                SVC_Handler
 *fill*         0x0000000008000ee8        0x8 
 .text.PendSV_Handler
                0x0000000008000ef0       0x68 ./FreeRTOS/Kernel/portable/GCC/ARM_CM4F/port.o
                0x0000000008000ef0                PendSV_Handler
 .text.SysTick_Handler
                0x0000000008000f58       0x44 ./FreeRTOS/Kernel/portable/GCC/ARM_CM4F/port.o
                0x0000000008000f58                SysTick_Handler
 .text.GPIOe_out_init
                0x0000000008000f9c       0x6c ./ModbusRTU485/port/mt_port.o
                0x0000000008000f9c                GPIOe_out_init
 .text.__NVIC_ClearPendingIRQ
                0x0000000008001008       0x3c ./ModbusRTU485/port/portserial.o
 .text.prvvUARTTxReadyISR
                0x0000000008001044       0x14 ./ModbusRTU485/port/portserial.o
 .text.prvvUARTRxISR
                0x0000000008001058       0x14 ./ModbusRTU485/port/portserial.o
 .text.USART1_IRQHandler
                0x000000000800106c       0x28 ./ModbusRTU485/port/portserial.o
                0x000000000800106c                USART1_IRQHandler
 .text.Reset_Handler
                0x0000000008001094       0x50 ./Startup/startup_stm32f407vetx.o
                0x0000000008001094                Reset_Handler
 .text.Default_Handler
                0x00000000080010e4        0x2 ./Startup/startup_stm32f407vetx.o
                0x00000000080010e4                RTC_Alarm_IRQHandler
                0x00000000080010e4                HASH_RNG_IRQHandler
                0x00000000080010e4                EXTI2_IRQHandler
                0x00000000080010e4                TIM8_CC_IRQHandler
                0x00000000080010e4                DebugMon_Handler
                0x00000000080010e4                TIM1_CC_IRQHandler
                0x00000000080010e4                DMA2_Stream5_IRQHandler
                0x00000000080010e4                HardFault_Handler
                0x00000000080010e4                DMA1_Stream5_IRQHandler
                0x00000000080010e4                PVD_IRQHandler
                0x00000000080010e4                SDIO_IRQHandler
                0x00000000080010e4                TAMP_STAMP_IRQHandler
                0x00000000080010e4                NMI_Handler
                0x00000000080010e4                CAN2_RX1_IRQHandler
                0x00000000080010e4                EXTI3_IRQHandler
                0x00000000080010e4                TIM8_TRG_COM_TIM14_IRQHandler
                0x00000000080010e4                TIM1_UP_TIM10_IRQHandler
                0x00000000080010e4                TIM8_UP_TIM13_IRQHandler
                0x00000000080010e4                I2C3_ER_IRQHandler
                0x00000000080010e4                LCD_TFT_IRQHandler
                0x00000000080010e4                EXTI0_IRQHandler
                0x00000000080010e4                I2C2_EV_IRQHandler
                0x00000000080010e4                DMA1_Stream2_IRQHandler
                0x00000000080010e4                CAN1_RX0_IRQHandler
                0x00000000080010e4                FPU_IRQHandler
                0x00000000080010e4                OTG_HS_WKUP_IRQHandler
                0x00000000080010e4                UsageFault_Handler
                0x00000000080010e4                CAN2_SCE_IRQHandler
                0x00000000080010e4                DMA2_Stream2_IRQHandler
                0x00000000080010e4                SPI1_IRQHandler
                0x00000000080010e4                TIM1_BRK_TIM9_IRQHandler
                0x00000000080010e4                DCMI_IRQHandler
                0x00000000080010e4                CAN2_RX0_IRQHandler
                0x00000000080010e4                DMA2_Stream3_IRQHandler
                0x00000000080010e4                USART6_IRQHandler
                0x00000000080010e4                USART3_IRQHandler
                0x00000000080010e4                CRYP_IRQHandler
                0x00000000080010e4                CAN1_RX1_IRQHandler
                0x00000000080010e4                UART5_IRQHandler
                0x00000000080010e4                DMA2_Stream0_IRQHandler
                0x00000000080010e4                TIM4_IRQHandler
                0x00000000080010e4                I2C1_EV_IRQHandler
                0x00000000080010e4                DMA1_Stream6_IRQHandler
                0x00000000080010e4                DMA1_Stream1_IRQHandler
                0x00000000080010e4                UART4_IRQHandler
                0x00000000080010e4                LCD_TFT_1_IRQHandler
                0x00000000080010e4                TIM3_IRQHandler
                0x00000000080010e4                RCC_IRQHandler
                0x00000000080010e4                TIM8_BRK_TIM12_IRQHandler
                0x00000000080010e4                Default_Handler
                0x00000000080010e4                ADC_IRQHandler
                0x00000000080010e4                DMA1_Stream7_IRQHandler
                0x00000000080010e4                TIM7_IRQHandler
                0x00000000080010e4                CAN2_TX_IRQHandler
                0x00000000080010e4                TIM5_IRQHandler
                0x00000000080010e4                DMA2_Stream7_IRQHandler
                0x00000000080010e4                I2C3_EV_IRQHandler
                0x00000000080010e4                EXTI9_5_IRQHandler
                0x00000000080010e4                RTC_WKUP_IRQHandler
                0x00000000080010e4                ETH_WKUP_IRQHandler
                0x00000000080010e4                SPI2_IRQHandler
                0x00000000080010e4                OTG_HS_EP1_IN_IRQHandler
                0x00000000080010e4                MemManage_Handler
                0x00000000080010e4                DMA1_Stream0_IRQHandler
                0x00000000080010e4                CAN1_TX_IRQHandler
                0x00000000080010e4                EXTI4_IRQHandler
                0x00000000080010e4                FSMC_IRQHandler
                0x00000000080010e4                ETH_IRQHandler
                0x00000000080010e4                OTG_HS_EP1_OUT_IRQHandler
                0x00000000080010e4                WWDG_IRQHandler
                0x00000000080010e4                TIM2_IRQHandler
                0x00000000080010e4                OTG_FS_WKUP_IRQHandler
                0x00000000080010e4                TIM1_TRG_COM_TIM11_IRQHandler
                0x00000000080010e4                OTG_HS_IRQHandler
                0x00000000080010e4                EXTI1_IRQHandler
                0x00000000080010e4                USART2_IRQHandler
                0x00000000080010e4                I2C2_ER_IRQHandler
                0x00000000080010e4                DMA2_Stream1_IRQHandler
                0x00000000080010e4                CAN1_SCE_IRQHandler
                0x00000000080010e4                DMA2_Stream4_IRQHandler
                0x00000000080010e4                BusFault_Handler
                0x00000000080010e4                OTG_FS_IRQHandler
                0x00000000080010e4                SPI3_IRQHandler
                0x00000000080010e4                DMA1_Stream4_IRQHandler
                0x00000000080010e4                I2C1_ER_IRQHandler
                0x00000000080010e4                DMA2_Stream6_IRQHandler
                0x00000000080010e4                DMA1_Stream3_IRQHandler
 *fill*         0x00000000080010e6        0x2 
 .text.__libc_init_array
                0x00000000080010e8       0x48 /home/ganibllo/STM_/st/plugins/com.st.stm32cube.ide.mcu.externaltools.gnu-tools-for-stm32.10.3-2021.10.linux64_1.0.200.202301161003/tools/bin/../lib/gcc/arm-none-eabi/10.3.1/../../../../arm-none-eabi/lib/thumb/v7e-m+fp/hard/libc_nano.a(lib_a-init.o)
                0x00000000080010e8                __libc_init_array
 *(.glue_7)
 .glue_7        0x0000000008001130        0x0 linker stubs
 *(.glue_7t)
 .glue_7t       0x0000000008001130        0x0 linker stubs
 *(.eh_frame)
 .eh_frame      0x0000000008001130        0x0 /home/ganibllo/STM_/st/plugins/com.st.stm32cube.ide.mcu.externaltools.gnu-tools-for-stm32.10.3-2021.10.linux64_1.0.200.202301161003/tools/bin/../lib/gcc/arm-none-eabi/10.3.1/thumb/v7e-m+fp/hard/crtbegin.o
 *(.init)
 .init          0x0000000008001130        0x4 /home/ganibllo/STM_/st/plugins/com.st.stm32cube.ide.mcu.externaltools.gnu-tools-for-stm32.10.3-2021.10.linux64_1.0.200.202301161003/tools/bin/../lib/gcc/arm-none-eabi/10.3.1/thumb/v7e-m+fp/hard/crti.o
                0x0000000008001130                _init
 .init          0x0000000008001134        0x8 /home/ganibllo/STM_/st/plugins/com.st.stm32cube.ide.mcu.externaltools.gnu-tools-for-stm32.10.3-2021.10.linux64_1.0.200.202301161003/tools/bin/../lib/gcc/arm-none-eabi/10.3.1/thumb/v7e-m+fp/hard/crtn.o
 *(.fini)
 .fini          0x000000000800113c        0x4 /home/ganibllo/STM_/st/plugins/com.st.stm32cube.ide.mcu.externaltools.gnu-tools-for-stm32.10.3-2021.10.linux64_1.0.200.202301161003/tools/bin/../lib/gcc/arm-none-eabi/10.3.1/thumb/v7e-m+fp/hard/crti.o
                0x000000000800113c                _fini
 .fini          0x0000000008001140        0x8 /home/ganibllo/STM_/st/plugins/com.st.stm32cube.ide.mcu.externaltools.gnu-tools-for-stm32.10.3-2021.10.linux64_1.0.200.202301161003/tools/bin/../lib/gcc/arm-none-eabi/10.3.1/thumb/v7e-m+fp/hard/crtn.o
                0x0000000008001148                . = ALIGN (0x4)
                0x0000000008001148                _etext = .

.vfp11_veneer   0x0000000008001148        0x0
 .vfp11_veneer  0x0000000008001148        0x0 linker stubs

.v4_bx          0x0000000008001148        0x0
 .v4_bx         0x0000000008001148        0x0 linker stubs

.iplt           0x0000000008001148        0x0
 .iplt          0x0000000008001148        0x0 /home/ganibllo/STM_/st/plugins/com.st.stm32cube.ide.mcu.externaltools.gnu-tools-for-stm32.10.3-2021.10.linux64_1.0.200.202301161003/tools/bin/../lib/gcc/arm-none-eabi/10.3.1/thumb/v7e-m+fp/hard/crtbegin.o

.rodata         0x0000000008001148       0x10
                0x0000000008001148                . = ALIGN (0x4)
 *(.rodata)
 *(.rodata*)
 .rodata.AHBPrescTable
                0x0000000008001148       0x10 ./CMSIS/src/system_stm32f4xx.o
                0x0000000008001148                AHBPrescTable
                0x0000000008001158                . = ALIGN (0x4)

.rel.dyn        0x0000000008001158        0x0
 .rel.iplt      0x0000000008001158        0x0 /home/ganibllo/STM_/st/plugins/com.st.stm32cube.ide.mcu.externaltools.gnu-tools-for-stm32.10.3-2021.10.linux64_1.0.200.202301161003/tools/bin/../lib/gcc/arm-none-eabi/10.3.1/thumb/v7e-m+fp/hard/crtbegin.o

.ARM.extab      0x0000000008001158        0x0
                0x0000000008001158                . = ALIGN (0x4)
 *(.ARM.extab* .gnu.linkonce.armextab.*)
                0x0000000008001158                . = ALIGN (0x4)

.ARM            0x0000000008001158        0x0
                0x0000000008001158                . = ALIGN (0x4)
                0x0000000008001158                __exidx_start = .
 *(.ARM.exidx*)
                0x0000000008001158                __exidx_end = .
                0x0000000008001158                . = ALIGN (0x4)

.preinit_array  0x0000000008001158        0x0
                0x0000000008001158                . = ALIGN (0x4)
                0x0000000008001158                PROVIDE (__preinit_array_start = .)
 *(.preinit_array*)
                0x0000000008001158                PROVIDE (__preinit_array_end = .)
                0x0000000008001158                . = ALIGN (0x4)

.init_array     0x0000000008001158        0x4
                0x0000000008001158                . = ALIGN (0x4)
                0x0000000008001158                PROVIDE (__init_array_start = .)
 *(SORT_BY_NAME(.init_array.*))
 *(.init_array*)
 .init_array    0x0000000008001158        0x4 /home/ganibllo/STM_/st/plugins/com.st.stm32cube.ide.mcu.externaltools.gnu-tools-for-stm32.10.3-2021.10.linux64_1.0.200.202301161003/tools/bin/../lib/gcc/arm-none-eabi/10.3.1/thumb/v7e-m+fp/hard/crtbegin.o
                0x000000000800115c                PROVIDE (__init_array_end = .)
                0x000000000800115c                . = ALIGN (0x4)

.fini_array     0x000000000800115c        0x4
                0x000000000800115c                . = ALIGN (0x4)
                [!provide]                        PROVIDE (__fini_array_start = .)
 *(SORT_BY_NAME(.fini_array.*))
 *(.fini_array*)
 .fini_array    0x000000000800115c        0x4 /home/ganibllo/STM_/st/plugins/com.st.stm32cube.ide.mcu.externaltools.gnu-tools-for-stm32.10.3-2021.10.linux64_1.0.200.202301161003/tools/bin/../lib/gcc/arm-none-eabi/10.3.1/thumb/v7e-m+fp/hard/crtbegin.o
                [!provide]                        PROVIDE (__fini_array_end = .)
                0x0000000008001160                . = ALIGN (0x4)
                0x0000000008001160                _sidata = LOADADDR (.data)

.data           0x0000000020000000        0x4 load address 0x0000000008001160
                0x0000000020000000                . = ALIGN (0x4)
                0x0000000020000000                _sdata = .
 *(.data)
 *(.data*)
 .data.SystemCoreClock
                0x0000000020000000        0x4 ./CMSIS/src/system_stm32f4xx.o
                0x0000000020000000                SystemCoreClock
 *(.RamFunc)
 *(.RamFunc*)
                0x0000000020000004                . = ALIGN (0x4)
                0x0000000020000004                _edata = .
                0x0000000008001164                _siccmram = LOADADDR (.ccmram)

.igot.plt       0x0000000020000004        0x0 load address 0x0000000008001164
 .igot.plt      0x0000000020000004        0x0 /home/ganibllo/STM_/st/plugins/com.st.stm32cube.ide.mcu.externaltools.gnu-tools-for-stm32.10.3-2021.10.linux64_1.0.200.202301161003/tools/bin/../lib/gcc/arm-none-eabi/10.3.1/thumb/v7e-m+fp/hard/crtbegin.o

.ccmram         0x0000000010000000        0x0 load address 0x0000000008001164
                0x0000000010000000                . = ALIGN (0x4)
                0x0000000010000000                _sccmram = .
 *(.ccmram)
 *(.ccmram*)
                0x0000000010000000                . = ALIGN (0x4)
                0x0000000010000000                _eccmram = .
                0x0000000010000000                . = ALIGN (0x4)

.bss            0x0000000020000004       0xd8
                0x0000000020000004                _sbss = .
                0x0000000020000004                __bss_start__ = _sbss
 *(.bss)
 .bss           0x0000000020000004       0x1c /home/ganibllo/STM_/st/plugins/com.st.stm32cube.ide.mcu.externaltools.gnu-tools-for-stm32.10.3-2021.10.linux64_1.0.200.202301161003/tools/bin/../lib/gcc/arm-none-eabi/10.3.1/thumb/v7e-m+fp/hard/crtbegin.o
 *(.bss*)
 .bss.s1_state  0x0000000020000020        0x1 ./Core/src/main.o
                0x0000000020000020                s1_state
 *fill*         0x0000000020000021        0x3 
 .bss.s1_cnt    0x0000000020000024        0x4 ./Core/src/main.o
                0x0000000020000024                s1_cnt
 .bss.s2_state  0x0000000020000028        0x1 ./Core/src/main.o
                0x0000000020000028                s2_state
 *fill*         0x0000000020000029        0x3 
 .bss.s2_cnt    0x000000002000002c        0x4 ./Core/src/main.o
                0x000000002000002c                s2_cnt
 .bss.s3_state  0x0000000020000030        0x1 ./Core/src/main.o
                0x0000000020000030                s3_state
 *fill*         0x0000000020000031        0x3 
 .bss.s3_cnt    0x0000000020000034        0x4 ./Core/src/main.o
                0x0000000020000034                s3_cnt
 .bss.tim2_ticks
                0x0000000020000038        0x4 ./Core/src/main.o
                0x0000000020000038                tim2_ticks
 .bss.timer_elapsed
                0x000000002000003c        0x4 ./Core/src/main.o
                0x000000002000003c                timer_elapsed
 .bss.myCalendar
                0x0000000020000040        0x8 ./Core/src/rtc.o
                0x0000000020000040                myCalendar
 .bss.pxCurrentTCB
                0x0000000020000048        0x4 ./FreeRTOS/Kernel/tasks.o
                0x0000000020000048                pxCurrentTCB
 .bss.pxReadyTasksLists
                0x000000002000004c       0x64 ./FreeRTOS/Kernel/tasks.o
 .bss.pxDelayedTaskList
                0x00000000200000b0        0x4 ./FreeRTOS/Kernel/tasks.o
 .bss.pxOverflowDelayedTaskList
                0x00000000200000b4        0x4 ./FreeRTOS/Kernel/tasks.o
 .bss.xTickCount
                0x00000000200000b8        0x4 ./FreeRTOS/Kernel/tasks.o
 .bss.uxTopReadyPriority
                0x00000000200000bc        0x4 ./FreeRTOS/Kernel/tasks.o
 .bss.xPendedTicks
                0x00000000200000c0        0x4 ./FreeRTOS/Kernel/tasks.o
 .bss.xYieldPending
                0x00000000200000c4        0x4 ./FreeRTOS/Kernel/tasks.o
 .bss.xNumOfOverflows
                0x00000000200000c8        0x4 ./FreeRTOS/Kernel/tasks.o
 .bss.xNextTaskUnblockTime
                0x00000000200000cc        0x4 ./FreeRTOS/Kernel/tasks.o
 .bss.uxSchedulerSuspended
                0x00000000200000d0        0x4 ./FreeRTOS/Kernel/tasks.o
 .bss.pxMBFrameCBByteReceived
                0x00000000200000d4        0x4 ./ModbusRTU485/mb.o
                0x00000000200000d4                pxMBFrameCBByteReceived
 .bss.pxMBFrameCBTransmitterEmpty
                0x00000000200000d8        0x4 ./ModbusRTU485/mb.o
                0x00000000200000d8                pxMBFrameCBTransmitterEmpty
 *(COMMON)
                0x00000000200000dc                . = ALIGN (0x4)
                0x00000000200000dc                _ebss = .
                0x00000000200000dc                __bss_end__ = _ebss

._user_heap_stack
                0x00000000200000dc      0x604
                0x00000000200000e0                . = ALIGN (0x8)
 *fill*         0x00000000200000dc        0x4 
                0x00000000200000e0                PROVIDE (end = .)
                [!provide]                        PROVIDE (_end = .)
                0x00000000200002e0                . = (. + _Min_Heap_Size)
 *fill*         0x00000000200000e0      0x200 
                0x00000000200006e0                . = (. + _Min_Stack_Size)
 *fill*         0x00000000200002e0      0x400 
                0x00000000200006e0                . = ALIGN (0x8)

/DISCARD/
 libc.a(*)
 libm.a(*)
 libgcc.a(*)

.ARM.attributes
                0x0000000000000000       0x30
 *(.ARM.attributes)
 .ARM.attributes
                0x0000000000000000       0x1e /home/ganibllo/STM_/st/plugins/com.st.stm32cube.ide.mcu.externaltools.gnu-tools-for-stm32.10.3-2021.10.linux64_1.0.200.202301161003/tools/bin/../lib/gcc/arm-none-eabi/10.3.1/thumb/v7e-m+fp/hard/crti.o
 .ARM.attributes
                0x000000000000001e       0x34 /home/ganibllo/STM_/st/plugins/com.st.stm32cube.ide.mcu.externaltools.gnu-tools-for-stm32.10.3-2021.10.linux64_1.0.200.202301161003/tools/bin/../lib/gcc/arm-none-eabi/10.3.1/thumb/v7e-m+fp/hard/crtbegin.o
 .ARM.attributes
                0x0000000000000052       0x34 ./CMSIS/src/system_stm32f4xx.o
 .ARM.attributes
                0x0000000000000086       0x34 ./Core/src/main.o
 .ARM.attributes
                0x00000000000000ba       0x34 ./Core/src/rcc.o
 .ARM.attributes
                0x00000000000000ee       0x34 ./Core/src/rtc.o
 .ARM.attributes
                0x0000000000000122       0x34 ./FreeRTOS/Kernel/tasks.o
 .ARM.attributes
                0x0000000000000156       0x34 ./FreeRTOS/Kernel/portable/GCC/ARM_CM4F/port.o
 .ARM.attributes
                0x000000000000018a       0x34 ./ModbusRTU485/mb.o
 .ARM.attributes
                0x00000000000001be       0x34 ./ModbusRTU485/port/mt_port.o
 .ARM.attributes
                0x00000000000001f2       0x34 ./ModbusRTU485/port/portserial.o
 .ARM.attributes
                0x0000000000000226       0x21 ./Startup/startup_stm32f407vetx.o
 .ARM.attributes
                0x0000000000000247       0x34 /home/ganibllo/STM_/st/plugins/com.st.stm32cube.ide.mcu.externaltools.gnu-tools-for-stm32.10.3-2021.10.linux64_1.0.200.202301161003/tools/bin/../lib/gcc/arm-none-eabi/10.3.1/../../../../arm-none-eabi/lib/thumb/v7e-m+fp/hard/libc_nano.a(lib_a-init.o)
 .ARM.attributes
                0x000000000000027b       0x1e /home/ganibllo/STM_/st/plugins/com.st.stm32cube.ide.mcu.externaltools.gnu-tools-for-stm32.10.3-2021.10.linux64_1.0.200.202301161003/tools/bin/../lib/gcc/arm-none-eabi/10.3.1/thumb/v7e-m+fp/hard/crtn.o
OUTPUT(F407_Vet.elf elf32-littlearm)
LOAD linker stubs
LOAD /home/ganibllo/STM_/st/plugins/com.st.stm32cube.ide.mcu.externaltools.gnu-tools-for-stm32.10.3-2021.10.linux64_1.0.200.202301161003/tools/bin/../lib/gcc/arm-none-eabi/10.3.1/../../../../arm-none-eabi/lib/thumb/v7e-m+fp/hard/libc.a
LOAD /home/ganibllo/STM_/st/plugins/com.st.stm32cube.ide.mcu.externaltools.gnu-tools-for-stm32.10.3-2021.10.linux64_1.0.200.202301161003/tools/bin/../lib/gcc/arm-none-eabi/10.3.1/../../../../arm-none-eabi/lib/thumb/v7e-m+fp/hard/libm.a
LOAD /home/ganibllo/STM_/st/plugins/com.st.stm32cube.ide.mcu.externaltools.gnu-tools-for-stm32.10.3-2021.10.linux64_1.0.200.202301161003/tools/bin/../lib/gcc/arm-none-eabi/10.3.1/thumb/v7e-m+fp/hard/libgcc.a

.debug_info     0x0000000000000000     0x64b2
 .debug_info    0x0000000000000000      0x518 ./CMSIS/src/system_stm32f4xx.o
 .debug_info    0x0000000000000518     0x114d ./Core/src/main.o
 .debug_info    0x0000000000001665      0x374 ./Core/src/rcc.o
 .debug_info    0x00000000000019d9      0x6ee ./Core/src/rtc.o
 .debug_info    0x00000000000020c7     0x2375 ./FreeRTOS/Kernel/tasks.o
 .debug_info    0x000000000000443c      0x503 ./FreeRTOS/Kernel/portable/GCC/ARM_CM4F/port.o
 .debug_info    0x000000000000493f      0x859 ./ModbusRTU485/mb.o
 .debug_info    0x0000000000005198      0x77b ./ModbusRTU485/port/mt_port.o
 .debug_info    0x0000000000005913      0xb7d ./ModbusRTU485/port/portserial.o
 .debug_info    0x0000000000006490       0x22 ./Startup/startup_stm32f407vetx.o

.debug_abbrev   0x0000000000000000     0x12fe
 .debug_abbrev  0x0000000000000000      0x113 ./CMSIS/src/system_stm32f4xx.o
 .debug_abbrev  0x0000000000000113      0x3c3 ./Core/src/main.o
 .debug_abbrev  0x00000000000004d6       0xd0 ./Core/src/rcc.o
 .debug_abbrev  0x00000000000005a6      0x168 ./Core/src/rtc.o
 .debug_abbrev  0x000000000000070e      0x34d ./FreeRTOS/Kernel/tasks.o
 .debug_abbrev  0x0000000000000a5b      0x256 ./FreeRTOS/Kernel/portable/GCC/ARM_CM4F/port.o
 .debug_abbrev  0x0000000000000cb1      0x1f2 ./ModbusRTU485/mb.o
 .debug_abbrev  0x0000000000000ea3      0x185 ./ModbusRTU485/port/mt_port.o
 .debug_abbrev  0x0000000000001028      0x2c4 ./ModbusRTU485/port/portserial.o
 .debug_abbrev  0x00000000000012ec       0x12 ./Startup/startup_stm32f407vetx.o

.debug_aranges  0x0000000000000000      0x488
 .debug_aranges
                0x0000000000000000       0x28 ./CMSIS/src/system_stm32f4xx.o
 .debug_aranges
                0x0000000000000028       0xa0 ./Core/src/main.o
 .debug_aranges
                0x00000000000000c8       0x20 ./Core/src/rcc.o
 .debug_aranges
                0x00000000000000e8       0x38 ./Core/src/rtc.o
 .debug_aranges
                0x0000000000000120      0x1d8 ./FreeRTOS/Kernel/tasks.o
 .debug_aranges
                0x00000000000002f8       0x80 ./FreeRTOS/Kernel/portable/GCC/ARM_CM4F/port.o
 .debug_aranges
                0x0000000000000378       0x48 ./ModbusRTU485/mb.o
 .debug_aranges
                0x00000000000003c0       0x40 ./ModbusRTU485/port/mt_port.o
 .debug_aranges
                0x0000000000000400       0x60 ./ModbusRTU485/port/portserial.o
 .debug_aranges
                0x0000000000000460       0x28 ./Startup/startup_stm32f407vetx.o

.debug_ranges   0x0000000000000000      0x3f0
 .debug_ranges  0x0000000000000000       0x18 ./CMSIS/src/system_stm32f4xx.o
 .debug_ranges  0x0000000000000018       0x90 ./Core/src/main.o
 .debug_ranges  0x00000000000000a8       0x10 ./Core/src/rcc.o
 .debug_ranges  0x00000000000000b8       0x28 ./Core/src/rtc.o
 .debug_ranges  0x00000000000000e0      0x1c8 ./FreeRTOS/Kernel/tasks.o
 .debug_ranges  0x00000000000002a8       0x70 ./FreeRTOS/Kernel/portable/GCC/ARM_CM4F/port.o
 .debug_ranges  0x0000000000000318       0x38 ./ModbusRTU485/mb.o
 .debug_ranges  0x0000000000000350       0x30 ./ModbusRTU485/port/mt_port.o
 .debug_ranges  0x0000000000000380       0x50 ./ModbusRTU485/port/portserial.o
 .debug_ranges  0x00000000000003d0       0x20 ./Startup/startup_stm32f407vetx.o

.debug_line     0x0000000000000000     0x3d22
 .debug_line    0x0000000000000000      0x2af ./CMSIS/src/system_stm32f4xx.o
 .debug_line    0x00000000000002af      0x82f ./Core/src/main.o
 .debug_line    0x0000000000000ade      0x279 ./Core/src/rcc.o
 .debug_line    0x0000000000000d57      0x3fa ./Core/src/rtc.o
 .debug_line    0x0000000000001151     0x1912 ./FreeRTOS/Kernel/tasks.o
 .debug_line    0x0000000000002a63      0x5c9 ./FreeRTOS/Kernel/portable/GCC/ARM_CM4F/port.o
 .debug_line    0x000000000000302c      0x4e7 ./ModbusRTU485/mb.o
 .debug_line    0x0000000000003513      0x2bf ./ModbusRTU485/port/mt_port.o
 .debug_line    0x00000000000037d2      0x4cc ./ModbusRTU485/port/portserial.o
 .debug_line    0x0000000000003c9e       0x84 ./Startup/startup_stm32f407vetx.o

.debug_str      0x0000000000000000     0x26f1
 .debug_str     0x0000000000000000      0x328 ./CMSIS/src/system_stm32f4xx.o
                                        0x372 (size before relaxing)
 .debug_str     0x0000000000000328      0xb60 ./Core/src/main.o
                                        0xe11 (size before relaxing)
 .debug_str     0x0000000000000e88       0x67 ./Core/src/rcc.o
                                        0x320 (size before relaxing)
 .debug_str     0x0000000000000eef      0x13e ./Core/src/rtc.o
                                        0x463 (size before relaxing)
 .debug_str     0x000000000000102d      0xe36 ./FreeRTOS/Kernel/tasks.o
                                       0x10d8 (size before relaxing)
 .debug_str     0x0000000000001e63      0x178 ./FreeRTOS/Kernel/portable/GCC/ARM_CM4F/port.o
                                        0x46e (size before relaxing)
 .debug_str     0x0000000000001fdb      0x551 ./ModbusRTU485/mb.o
                                        0x80c (size before relaxing)
 .debug_str     0x000000000000252c       0x60 ./ModbusRTU485/port/mt_port.o
                                        0x8c2 (size before relaxing)
 .debug_str     0x000000000000258c      0x134 ./ModbusRTU485/port/portserial.o
                                        0x99d (size before relaxing)
 .debug_str     0x00000000000026c0       0x31 ./Startup/startup_stm32f407vetx.o
                                         0x55 (size before relaxing)

.comment        0x0000000000000000       0x50
 .comment       0x0000000000000000       0x50 ./CMSIS/src/system_stm32f4xx.o
                                         0x51 (size before relaxing)
 .comment       0x0000000000000050       0x51 ./Core/src/main.o
 .comment       0x0000000000000050       0x51 ./Core/src/rcc.o
 .comment       0x0000000000000050       0x51 ./Core/src/rtc.o
 .comment       0x0000000000000050       0x51 ./FreeRTOS/Kernel/tasks.o
 .comment       0x0000000000000050       0x51 ./FreeRTOS/Kernel/portable/GCC/ARM_CM4F/port.o
 .comment       0x0000000000000050       0x51 ./ModbusRTU485/mb.o
 .comment       0x0000000000000050       0x51 ./ModbusRTU485/port/mt_port.o
 .comment       0x0000000000000050       0x51 ./ModbusRTU485/port/portserial.o

.debug_frame    0x0000000000000000     0x1060
 .debug_frame   0x0000000000000000       0x58 ./CMSIS/src/system_stm32f4xx.o
 .debug_frame   0x0000000000000058      0x258 ./Core/src/main.o
 .debug_frame   0x00000000000002b0       0x34 ./Core/src/rcc.o
 .debug_frame   0x00000000000002e4       0xa4 ./Core/src/rtc.o
 .debug_frame   0x0000000000000388      0x814 ./FreeRTOS/Kernel/tasks.o
 .debug_frame   0x0000000000000b9c      0x1a8 ./FreeRTOS/Kernel/portable/GCC/ARM_CM4F/port.o
 .debug_frame   0x0000000000000d44       0xec ./ModbusRTU485/mb.o
 .debug_frame   0x0000000000000e30       0xb8 ./ModbusRTU485/port/mt_port.o
 .debug_frame   0x0000000000000ee8      0x14c ./ModbusRTU485/port/portserial.o
 .debug_frame   0x0000000000001034       0x2c /home/ganibllo/STM_/st/plugins/com.st.stm32cube.ide.mcu.externaltools.gnu-tools-for-stm32.10.3-2021.10.linux64_1.0.200.202301161003/tools/bin/../lib/gcc/arm-none-eabi/10.3.1/../../../../arm-none-eabi/lib/thumb/v7e-m+fp/hard/libc_nano.a(lib_a-init.o)

.stabstr        0x0000000000000000      0x1b9
 .stabstr       0x0000000000000000      0x1b9 /home/ganibllo/STM_/st/plugins/com.st.stm32cube.ide.mcu.externaltools.gnu-tools-for-stm32.10.3-2021.10.linux64_1.0.200.202301161003/tools/bin/../lib/gcc/arm-none-eabi/10.3.1/../../../../arm-none-eabi/lib/thumb/v7e-m+fp/hard/libnosys.a(close.o)
