/home/ganibllo/STM_/F407_vet6/CMSIS/inc/core_cm4.h:1688:22:__NVIC_EnableIRQ	16	static
/home/ganibllo/STM_/F407_vet6/CMSIS/inc/core_cm4.h:1724:22:__NVIC_DisableIRQ	16	static,ignoring_inline_asm
/home/ganibllo/STM_/F407_vet6/CMSIS/inc/core_cm4.h:1777:22:__NVIC_ClearPendingIRQ	16	static
../Core/src/main.c:79:6:GPIO_RCC_init	4	static
../Core/src/main.c:89:6:vTask1	24	static
../Core/src/main.c:101:6:vTaskCheckCable	32	static
../Core/src/main.c:136:1:eMBRegInputCB	24	static
../Core/src/main.c:162:1:eMBRegHoldingCB	32	static
../Core/src/main.c:205:1:eMBRegCoilsCB	24	static
../Core/src/main.c:211:1:eMBRegDiscreteCB	16	static
../Core/src/main.c:218:6:TIM6_DAC_IRQHandler	8	static
../Core/src/main.c:268:6:timer_init	8	static
../Core/src/main.c:282:6:GPIOe_inp_init	4	static
../Core/src/main.c:290:6:RTC_WKUP_IRQHandler	8	static
../Core/src/main.c:307:6:EXTI15_10_IRQHandler	8	static
../Core/src/main.c:359:6:IRQ_enable	8	static,ignoring_inline_asm
../Core/src/main.c:393:6:enter_sleep_mode	4	static
../Core/src/main.c:399:6:exit_sleep_mode	4	static
../Core/src/main.c:403:6:enter_stop_mode	4	static
../Core/src/main.c:420:6:exit_stop_mode	8	static
../Core/src/main.c:428:5:main	16	static,ignoring_inline_asm
