/home/ganibllo/STM_/F407_vet6/CMSIS/inc/core_cm4.h:1688:22:__NVIC_EnableIRQ	16	static
/home/ganibllo/STM_/F407_vet6/CMSIS/inc/core_cm4.h:1777:22:__NVIC_ClearPendingIRQ	16	static
../Core/src/main.c:78:6:GPIO_RCC_init	4	static
../Core/src/main.c:88:6:vTask1	24	static
../Core/src/main.c:100:6:vTaskCheckCable	32	static
../Core/src/main.c:135:1:eMBRegInputCB	24	static
../Core/src/main.c:161:1:eMBRegHoldingCB	32	static
../Core/src/main.c:204:1:eMBRegCoilsCB	24	static
../Core/src/main.c:210:1:eMBRegDiscreteCB	16	static
../Core/src/main.c:217:6:TIM6_DAC_IRQHandler	8	static
../Core/src/main.c:267:6:timer_init	8	static
../Core/src/main.c:281:6:GPIOe_inp_init	4	static
../Core/src/main.c:288:6:EXTI15_10_IRQHandler	8	static
../Core/src/main.c:340:6:IRQ_enable	8	static,ignoring_inline_asm
../Core/src/main.c:373:6:enter_lpm	16	static
../Core/src/main.c:386:6:exit_lpm	8	static
../Core/src/main.c:394:5:main	16	static,ignoring_inline_asm
