../Core/src/SPI_W5500.c:5:6:init_spi_gpio	4	static
../Core/src/SPI_W5500.c:51:6:SPI_init	8	static
../Core/src/SPI_W5500.c:77:9:SPI_Tx	16	static
../Core/src/SPI_W5500.c:86:6:w5500_ChipSelect	4	static
../Core/src/SPI_W5500.c:89:6:w5500_ChipDwSelect	4	static
../Core/src/SPI_W5500.c:93:6:w5500_SPI_Tx	16	static
../Core/src/SPI_W5500.c:97:9:w5500_SPI_Rx	8	static
../Core/src/SPI_W5500.c:102:6:wizchip_read_burst	32	static
../Core/src/SPI_W5500.c:111:6:wizchip_write_burst	24	static
../Core/src/SPI_W5500.c:119:6:w5500_init	40	static
